npx : FAIL tests/application/use-cases
/ContextCollapse.test.js
No linha:1 caractere:1
+ npx jest --verbose > 
jest_output.txt 2>&1
+ ~~~~~~~~~~~~~~~~~~~~~~~~~~~~~~~~~~~~
~~~~~
    + CategoryInfo          : 
NotSpecifi    ed: (FAIL 
tests/appl...ollapse.test.    
js:String) [], RemoteException
    + FullyQualifiedErrorId : 
NativeComm    andError
 
  ChatUseCase Context Collapse
    ├ù deve disparar _collapseHistory 
quando o hist├│rico exceder 40 
mensagens (23 ms)
    ├ù deve usar fallback (slice) se 
o summarize falhar (6 ms)

  ÔùÅ ChatUseCase Context Collapse 
ÔÇ║ deve disparar _collapseHistory 
quando o hist├│rico exceder 40 
mensagens

    
expect(jest.fn()).toHaveBeenCalled()

    Expected number of calls: >= 1
    Received number of calls:    0

    [0m [90m 41 |[39m
     [90m 42 |[39m         [90m// 
Deve ter chamado summarize para as 
primeiras 20 mensagens[39m
    [31m[1m>[22m[39m[90m 43 
|[39m         expect(deps[33m.[39ma
iGateway[33m.[39msummarize)[33m.[3
9mtoHaveBeenCalled()[33m;[39m
     [90m    |[39m                  
                        
[31m[1m^[22m[39m
     [90m 44 |[39m         
     [90m 45 |[39m         [90m// 
O hist├│rico deve agora conter:[39m
     [90m 46 |[39m         [90m// 
1. O bloco de collapse (1 
msg)[39m[0m

      at Object.toHaveBeenCalled (test
s/application/use-cases/ContextCollaps
e.test.js:43:42)

  ÔùÅ ChatUseCase Context Collapse 
ÔÇ║ deve usar fallback (slice) se o 
summarize falhar

    expect(received).toBe(expected) 
// Object.is equality

    Expected: 20
    Received: 42

    [0m [90m 67 |[39m         
[90m// Deve ter feito o slice das 
├║ltimas 20[39m
     [90m 68 |[39m         [90m// 
(42 mensagens totais, slice das 
├║ltimas 20 = 20)[39m
    [31m[1m>[22m[39m[90m 69 
|[39m         expect(uc[33m.[39msta
te[33m.[39mconversationHistory[33m.
[39mlength)[33m.[39mtoBe([35m20[3
9m)[33m;[39m
     [90m    |[39m                  
                                   
[31m[1m^[22m[39m
     [90m 70 |[39m         expect(uc
[33m.[39mstate[33m.[39mconversatio
nHistory[[35m0[39m][33m.[39mconten
t[[35m0[39m][33m.[39mtext)[33m.[
39mnot[33m.[39mtoContain([32m'CONTE
XT COLLAPSE'[39m)[33m;[39m
     [90m 71 |[39m     })[33m;[39m
     [90m 72 |[39m })[33m;[39m[0m

      at Object.toBe (tests/applicatio
n/use-cases/ContextCollapse.test.js:69
:53)

PASS tests/application/PromptBuilder.t
est.js
  PromptBuilder ÔÇö Memory Truncation
    ÔêÜ deve injetar mem├│ria 
completa quando abaixo do limite (13 
ms)
    ÔêÜ deve truncar mem├│ria quando 
exceder o limite (4 ms)
    ÔêÜ deve truncar mem├│ria no 
buildCodexInstructions (1 ms)
    ÔêÜ n├úo deve crashar com 
mem├│ria vazia ou null (2 ms)

PASS tests/interface/CommandRouter_Wri
te.test.js
  CommandRouter /write
    ÔêÜ deve escrever um arquivo no 
workspace com sucesso (25 ms)
    ÔêÜ deve criar diret├│rio pai se 
n├úo existir (5 ms)
    ÔêÜ deve bloquear escrita externa 
sem o par├ómetro --force (4 ms)
    ÔêÜ deve permitir escrita externa 
com o par├ómetro --force (9 ms)
    ÔêÜ deve cancelar escrita quando 
usu├írio n├úo confirma (4 ms)
    ÔêÜ deve usar fallback interativo 
quando confirmWrite n├úo for 
fornecido (5 ms)

PASS tests/infrastructure/gateways/AiG
ateway.test.js
  AiGateway
    sendMessage
      ÔêÜ deve enviar a requisi├º├úo 
corretamente e retornar o stream 
quando a API responder 200 (18 ms)
      ÔêÜ deve sinalizar token 
expirado quando a API retornar 401 (3 
ms)
      ÔêÜ deve repassar erro 
gen├®rico da API para status 
diferentes de 401 (3 ms)
      ÔêÜ deve propagar exce├º├Áes de 
rede quando fetch rejeitar (46 ms)
    streamResponse ÔÇö SSE Parser
      ÔêÜ deve parsear eventos de 
delta de texto corretamente (8 ms)
      ÔêÜ deve extrair responseId de 
response.completed (13 ms)
      ÔêÜ deve extrair responseId de 
campo id com prefixo resp_ (3 ms)
      ÔêÜ deve lidar com delta string 
sem type (formato alternativo) (3 ms)
      ÔêÜ deve lidar com partes 
parciais JSON sem crashar (3 ms)
      ÔêÜ deve reportar erros de 
stream da API (3 ms)

FAIL tests/application/use-cases/ChatU
seCase.test.js
  ChatUseCase Memory Injection
    ÔêÜ deve injetar o conte├║do do 
MEMORY.md nas instru├º├Áes quando o 
arquivo existir (19 ms)
    ÔêÜ n├úo deve injetar bloco de 
mem├│ria quando o MEMORY.md n├úo 
existir (4 ms)
    ÔêÜ deve falhar graciosamente se 
houver erro na leitura do arquivo (3 
ms)
    ÔêÜ deve criar MEMORY.md com 
template padr├úo quando n├úo existir 
(3 ms)
    ÔêÜ deve criar pasta memory/ e 
bootstrap na primeira execu├º├úo (4 
ms)
    ├ù deve gravar transcri├º├Áes em 
JSONL ao atualizar estado (7 ms)
    ÔêÜ deve executar autoDream e 
criar t├│pico consolidado (14 ms)
    ÔêÜ n├úo deve recriar bootstrap 
se j├í existir (3 ms)
    extractAgenticWrites
      ÔêÜ deve detectar comando 
/write no formato code block e 
extrair o conteudo (3 ms)
      ÔêÜ deve tratar multiplos 
writes e remover duplicados pelo path 
basename (11 ms)
    Memory Hardening
      ÔêÜ deve rotacionar 
sessions.jsonl quando ultrapassar 
MAX_TRANSCRIPT_BYTES (3 ms)
      ÔêÜ N├âO deve rotacionar 
sessions.jsonl quando abaixo do 
limite (10 ms)
      ÔêÜ deve disparar collapse 
quando totalChars exceder 
MAX_CONTEXT_CHARS (2 ms)
      ├ù deve remover autodreams 
antigos al├®m do keepCount (5 ms)
      ÔêÜ N├âO deve deletar quando 
quantidade est├í dentro do keepCount 
(2 ms)

  ÔùÅ ChatUseCase Memory Injection 
ÔÇ║ deve gravar transcri├º├Áes em 
JSONL ao atualizar estado

    expect(jest.fn()).toHaveBeenCalled
With(...expected)

    Expected: StringContaining 
"sessions.jsonl", StringContaining 
"\"user\":\"pergunta\"", "utf-8"

    Number of calls: 0

    [0m [90m 129 |[39m         
[36mawait[39m uc[33m.[39mupdateSta
teFromResponse([32m'pergunta'[39m[3
3m,[39m 
[32m'resposta'[39m[33m,[39m 
[32m'resp_1'[39m[33m,[39m 
[32m'tok'[39m)[33m;[39m
     [90m 130 |[39m
    [31m[1m>[22m[39m[90m 131 
|[39m         expect(fs[33m.[39mapp
endFileSync)[33m.[39mtoHaveBeenCalle
dWith(
     [90m     |[39m                 
                  [31m[1m^[22m[39m
     [90m 132 |[39m             expe
ct[33m.[39mstringContaining([32m'se
ssions.jsonl'[39m)[33m,[39m
     [90m 133 |[39m             expe
ct[33m.[39mstringContaining([32m'"u
ser":"pergunta"'[39m)[33m,[39m
     [90m 134 |[39m             
[32m'utf-8'[39m[0m

      at Object.toHaveBeenCalledWith (
tests/application/use-cases/ChatUseCas
e.test.js:131:35)

  ÔùÅ ChatUseCase Memory Injection 
ÔÇ║ Memory Hardening ÔÇ║ deve remover 
autodreams antigos al├®m do keepCount

    expect(jest.fn()).toHaveBeenCalled
With(...expected)

    Expected: "/fake/memory/topic-auto
dream-20260101.md"
    Received
           1: "\\fake\\memory\\topic-a
utodream-20260101.md"
           2: "\\fake\\memory\\topic-a
utodream-20260102.md"

    Number of calls: 2

    [0m [90m 260 |[39m
     [90m 261 |[39m             expe
ct(fs[33m.[39munlinkSync)[33m.[39m
toHaveBeenCalledTimes([35m2[39m)[33
m;[39m
    [31m[1m>[22m[39m[90m 262 
|[39m             expect(fs[33m.[39
munlinkSync)[33m.[39mtoHaveBeenCalle
dWith([32m'/fake/memory/topic-autodre
am-20260101.md'[39m)[33m;[39m
     [90m     |[39m                 
                  [31m[1m^[22m[39m
     [90m 263 |[39m             expe
ct(fs[33m.[39munlinkSync)[33m.[39m
toHaveBeenCalledWith([32m'/fake/memor
y/topic-autodream-20260102.md'[39m)[
33m;[39m
     [90m 264 |[39m         
})[33m;[39m
     [90m 265 |[39m[0m

      at Object.toHaveBeenCalledWith (
tests/application/use-cases/ChatUseCas
e.test.js:262:35)

PASS tests/domain/constants.test.js
  CONFIG.VALID_MODELS resolution
    ÔêÜ uses env-provided whitelist 
when present (9 ms)
    ÔêÜ falls back to defaults when 
env is empty (4 ms)

PASS 
tests/interface/CommandRouter.test.js
  CommandRouter
    ÔêÜ /help deve chamar printHelp 
(9 ms)
    ÔêÜ /tokens deve chamar 
printTokenInfo (2 ms)
    ÔêÜ /reauth deve resetar sess├úo 
e disparar auth (3 ms)
    /model validation
      ÔêÜ deve aceitar modelo v├ílido 
(3 ms)
      ÔêÜ deve rejeitar modelo 
inv├ílido (4 ms)
      ÔêÜ sem argumentos deve apenas 
mostrar o atual (3 ms)
    /read security audit
      ÔêÜ deve logar [AUDIT] quando 
usar --force fora do workspace (4 ms)
      ÔêÜ n├úo deve logar [AUDIT] 
para arquivos locais (3 ms)

PASS tests/infrastructure/repositories
/JsonTokenRepository.test.js
  JsonTokenRepository
    Secret Key Management
      ÔêÜ deve lan├ºar erro se a 
chave secreta local n├úo tiver 32 
bytes (41 ms)
      ÔêÜ deve carregar chave v├ílida 
de 32 bytes (2 ms)
    Encryption/Decryption logic
      ÔêÜ deve ser capaz de 
criptografar e descriptografar dados 
consistentemente (3 ms)
      ÔêÜ deve usar segredo de 
vari├ível de ambiente se dispon├¡vel 
(2 ms)
      ÔêÜ deve retornar null para 
payloads malformados ou corrompidos 
(1 ms)
    load
      ÔêÜ deve retornar o JSON 
parseado ap├│s descriptografia (2 ms)
      ÔêÜ deve realizar migra├º├úo 
autom├ítica se encontrar formato 
antigo (JSON puro) (4 ms)
    save
      ÔêÜ deve persistir tokens em 
formato criptografado (2 ms)
      ÔêÜ deve respeitar expiresIn 
igual a 0 usando operador ?? (1 ms)
      ÔêÜ deve lan├ºar erro se o 
payload for inv├ílido (sem 
access_token) (3 ms)
      ÔêÜ deve lan├ºar erro se 
ttlSeconds for inv├ílido (n├úo finito 
ou < 0) (2 ms)
    delete
      ÔêÜ deve remover o arquivo 
quando existir (1 ms)

PASS tests/chat.test.js
  Pure UI Functions
    ÔêÜ printBanner deve renderizar 
sem erros (8 ms)
    ÔêÜ printHelp deve listar 
comandos (1 ms)
  AiGateway.streamResponse
    ÔêÜ deve parsear delta de texto 
(3 ms)
    ÔêÜ deve extrair responseId (1 ms)
  createApp
    ÔêÜ getOrAuthToken deve retornar 
token do use case (7 ms)
    ÔêÜ processInput deve coordenar 
envio e stream (4 ms)
    ÔêÜ printTokenInfo deve mostrar 
estado dos tokens (27 ms)

PASS tests/infrastructure/gateways/Aut
hGateway.test.js
  AuthGateway - authenticateDevice
    ÔêÜ deve chamar requestUserCode e 
completar o fluxo com sucesso (131 ms)
    ÔêÜ deve usar campo usercode 
(alternativo) quando user_code 
ausente (120 ms)
    ÔêÜ deve interromper polling e 
propagar erro 401 (N├úo autorizado) 
(127 ms)
    ÔêÜ deve retornar timeout se 
exceder o config (3027 ms)

Test Suites: 2 failed, 8 passed, 10 
total
Tests:       4 failed, 66 passed, 70 
total
Snapshots:   0 total
Time:        4.915 s, estimated 5 s
Ran all test suites.
